// Jest Snapshot v1, https://goo.gl/fbAQLP

exports[`SignInButton component renders correctly 1`] = `
<button
  className="btn btn-primary btn-lg"
  disabled={false}
  onClick={[Function]}
  type="button"
>
  Sign In
</button>
`;
